../Core/Src/ads1292r.c:15:13:ADS1292R_Select	8	static
../Core/Src/ads1292r.c:22:13:ADS1292R_Deselect	8	static
../Core/Src/ads1292r.c:29:6:ADS1292R_SendCommand	16	static
../Core/Src/ads1292r.c:41:9:ADS1292R_ReadRegister	24	static
../Core/Src/ads1292r.c:71:6:ADS1292R_WriteRegister	24	static
../Core/Src/ads1292r.c:98:6:ADS1292R_HardwareReset	8	static
../Core/Src/ads1292r.c:121:6:ADS1292R_ReadData	16	static
../Core/Src/ads1292r.c:133:9:ADS1292R_Convert24Bit	24	static
../Core/Src/ads1292r.c:152:14:ADS1292R_ApplyBiquad	24	static
../Core/Src/ads1292r.c:171:6:ADS1292R_CH2FilterInit	24	static
../Core/Src/ads1292r.c:201:7:ADS1292R_ProcessCH2Sample	40	static
