../Core/Src/main.c:90:6:Timestamp_CaptureFromISR	32	static
../Core/Src/main.c:118:5:main	32	static
../Core/Src/main.c:265:6:SystemClock_Config	128	static
../Core/Src/main.c:320:13:SystemPower_Config	8	static
../Core/Src/main.c:339:13:MX_I2C1_Init	8	static
../Core/Src/main.c:387:13:MX_ICACHE_Init	8	static
../Core/Src/main.c:415:13:MX_SPI1_Init	24	static
../Core/Src/main.c:472:13:MX_SPI3_Init	24	static
../Core/Src/main.c:529:13:MX_TIM2_Init	40	static
../Core/Src/main.c:574:13:MX_USB_OTG_HS_PCD_Init	8	static
../Core/Src/main.c:619:13:MX_GPIO_Init	48	static
../Core/Src/main.c:722:6:HAL_TIM_PeriodElapsedCallback	16	static
../Core/Src/main.c:748:6:Error_Handler	4	static,ignoring_inline_asm
