../Core/Src/main.c:78:5:main	32	static
../Core/Src/main.c:196:6:SystemClock_Config	128	static
../Core/Src/main.c:251:13:SystemPower_Config	8	static
../Core/Src/main.c:270:13:MX_I2C1_Init	8	static
../Core/Src/main.c:318:13:MX_ICACHE_Init	8	static
../Core/Src/main.c:346:13:MX_SPI1_Init	24	static
../Core/Src/main.c:403:13:MX_SPI3_Init	24	static
../Core/Src/main.c:460:13:MX_USB_OTG_HS_PCD_Init	8	static
../Core/Src/main.c:505:13:MX_GPIO_Init	48	static
../Core/Src/main.c:608:6:HAL_TIM_PeriodElapsedCallback	16	static
../Core/Src/main.c:627:6:Error_Handler	4	static,ignoring_inline_asm
